        ___
       __H__
 ___ ___[(]_____ ___ ___  {1.10.9.32#dev}
|_ -| . [.]     | .'| . |
|___|_  ["]_|_|_|__,|  _|
      |_|V...       |_|   https://sqlmap.org

[!] legal disclaimer: Usage of sqlmap for attacking targets without prior mutual consent is illegal. It is the end user's responsibility to obey all applicable local, state and federal laws. Developers assume no liability and are not responsible for any misuse or damage caused by this program

[*] starting @ 16:42:41 /2026-10-02/



[16:42:41] [WARNING] using '/Users/josef/Documents/Development/Regelmässig/angreifer/results/20261002T144228.273771Z/sqlmap-safe' as the output directory

[16:42:41] [INFO] testing connection to the target URL

[16:42:41] [WARNING] turning off pre-connect mechanism because of incompatible server ('BaseHTTP/0.6 Python/3.14.6')

[16:42:41] [INFO] checking if the target is protected by some kind of WAF/IPS

[16:42:41] [INFO] testing if the target URL content is stable

[16:42:42] [INFO] target URL content is stable

[16:42:42] [WARNING] heuristic (basic) test shows that GET parameter 'id' might not be SQL injectable

[16:42:42] [INFO] testing for SQL injection on GET parameter 'id'

[16:42:42] [INFO] testing 'AND boolean-based blind - WHERE or HAVING clause'

[16:42:42] [INFO] testing 'Boolean-based blind - Parameter replace (original value)'
it is recommended to perform only basic UNION tests if there is not at least one other (potential) technique found. Do you want to reduce the number of requests? [Y/n] Y

[16:42:42] [INFO] testing 'Generic UNION query (NULL) - 1 to 10 columns'

[16:42:42] [WARNING] GET parameter 'id' does not seem to be injectable

[16:42:42] [CRITICAL] all tested parameters do not appear to be injectable. Try to increase values for '--level'/'--risk' options if you wish to perform more tests. Rerun without providing the option '--technique'. If you suspect that there is some kind of protection mechanism involved (e.g. WAF) maybe you could try to use option '--tamper' (e.g. '--tamper=space2comment') and/or switch '--random-agent'

[*] ending @ 16:42:42 /2026-10-02/

